[arianaadrian.katsudoto.id/8219634d38.html]
[backblue.gif]
[fade.gif]
[index.html]
[katsudoto.id/media/kat/katsudoto-logo-lg-2.jpg]
[arianaadrian.katsudoto.id/src/jquery.js]
[arianaadrian.katsudoto.id/public/dist/1e92684f.js]
[arianaadrian.katsudoto.id/cf-fonts/v/roboto/5.2.10/latin/wght/normal.woff2]
[arianaadrian.katsudoto.id/cf-fonts/v/roboto/5.2.10/greek-ext/wght/normal.woff2]
[arianaadrian.katsudoto.id/index.html]
[arianaadrian.katsudoto.id/cf-fonts/v/roboto/5.2.10/greek/wght/normal.woff2]
[arianaadrian.katsudoto.id/cf-fonts/v/roboto/5.2.10/cyrillic-ext/wght/normal.woff2]
[arianaadrian.katsudoto.id/cf-fonts/v/roboto/5.2.10/vietnamese/wght/normal.woff2]
[arianaadrian.katsudoto.id/cf-fonts/v/roboto/5.2.10/latin-ext/wght/normal.woff2]
[arianaadrian.katsudoto.id/cf-fonts/v/roboto/5.2.10/math/wght/normal.woff2]
[arianaadrian.katsudoto.id/cf-fonts/v/roboto/5.2.10/cyrillic/wght/normal.woff2]
[arianaadrian.katsudoto.id/cf-fonts/v/roboto/5.2.10/symbols/wght/normal.woff2]
[arianaadrian.katsudoto.id/cf-fonts/v/roboto/5.2.10/greek-ext/wght/italic.woff2]
[arianaadrian.katsudoto.id/cf-fonts/v/roboto/5.2.10/symbols/wght/italic.woff2]
[arianaadrian.katsudoto.id/cf-fonts/v/roboto/5.2.10/cyrillic/wght/italic.woff2]
[arianaadrian.katsudoto.id/cf-fonts/v/roboto/5.2.10/cyrillic-ext/wght/italic.woff2]
[arianaadrian.katsudoto.id/cf-fonts/v/roboto/5.2.10/greek/wght/italic.woff2]
[arianaadrian.katsudoto.id/cf-fonts/v/roboto/5.2.10/math/wght/italic.woff2]
[arianaadrian.katsudoto.id/cf-fonts/v/roboto/5.2.10/latin/wght/italic.woff2]
[arianaadrian.katsudoto.id/cf-fonts/v/roboto/5.2.10/latin-ext/wght/italic.woff2]
[arianaadrian.katsudoto.id/cf-fonts/v/roboto/5.2.10/vietnamese/wght/italic.woff2]
[arianaadrian.katsudoto.id/plugin/selectize/dist/css/selectize.default.css]
[arianaadrian.katsudoto.id/plugin/flexbin/flexbin.css]
[arianaadrian.katsudoto.id/plugin/aos/dist/aos.css]
[arianaadrian.katsudoto.id/plugin/lightgallery/dist/css/lightgallery.css]
[cdnjs.cloudflare.com/ajax/libs/font-awesome/5.9.0/css/all.min.css]
[arianaadrian.katsudoto.id/plugin/slick/slick.css]
[arianaadrian.katsudoto.id/plugin/modal-video/css/modal-video.min.css]
[vjs.zencdn.net/8.16.1/video-js.css]
[arianaadrian.katsudoto.id/public/dist/00f3b7dc.css]
[arianaadrian.katsudoto.id/public/dist/49ff9aca.css]
[arianaadrian.katsudoto.id/public/dist/7436fe60.css]
[arianaadrian.katsudoto.id/public/dist/96cdc8bb.css]
[arianaadrian.katsudoto.id/public/dist/6e8e0db0.css]
[arianaadrian.katsudoto.id/public/dist/ee3271c8.css]
[arianaadrian.katsudoto.id/src/dreamboard.css]
[cdn.jsdelivr.net/npm/select2@4.1.0-rc.0/dist/css/select2.min.css]
[cdn.jsdelivr.net/npm/@simonwep/pickr/dist/themes/nano.min.css]
[cdn.jsdelivr.net/npm/select2@4.1.0-rc.0/dist/js/select2.min.js]
[cdn.jsdelivr.net/npm/@simonwep/pickr/dist/pickr.min.js]
[cdn.jsdelivr.net/npm/@simonwep/pickr/dist/pickr.es5.min.js]
[cdnjs.cloudflare.com/ajax/libs/color-thief/2.3.0/color-thief.umd.js]
[arianaadrian.katsudoto.id/cf-fonts/s/cormorant-upright/5.2.7/latin/300/normal.woff2]
[arianaadrian.katsudoto.id/cf-fonts/s/cormorant-upright/5.2.7/vietnamese/300/normal.woff2]
[arianaadrian.katsudoto.id/cf-fonts/s/cormorant-upright/5.2.7/latin-ext/300/normal.woff2]
[arianaadrian.katsudoto.id/cf-fonts/s/cormorant-upright/5.2.7/latin/400/normal.woff2]
[arianaadrian.katsudoto.id/cf-fonts/s/cormorant-upright/5.2.7/vietnamese/400/normal.woff2]
[arianaadrian.katsudoto.id/cf-fonts/s/cormorant-upright/5.2.7/latin-ext/400/normal.woff2]
[arianaadrian.katsudoto.id/cf-fonts/s/cormorant-upright/5.2.7/latin/500/normal.woff2]
[arianaadrian.katsudoto.id/cf-fonts/s/cormorant-upright/5.2.7/vietnamese/500/normal.woff2]
[arianaadrian.katsudoto.id/cf-fonts/s/cormorant-upright/5.2.7/latin-ext/500/normal.woff2]
[arianaadrian.katsudoto.id/cf-fonts/s/cormorant-upright/5.2.7/latin/600/normal.woff2]
[arianaadrian.katsudoto.id/cf-fonts/s/cormorant-upright/5.2.7/latin-ext/600/normal.woff2]
[arianaadrian.katsudoto.id/cf-fonts/s/cormorant-upright/5.2.7/vietnamese/600/normal.woff2]
[arianaadrian.katsudoto.id/cf-fonts/s/cormorant-upright/5.2.7/latin/700/normal.woff2]
[arianaadrian.katsudoto.id/cf-fonts/s/cormorant-upright/5.2.7/vietnamese/700/normal.woff2]
[arianaadrian.katsudoto.id/cf-fonts/s/cormorant-upright/5.2.7/latin-ext/700/normal.woff2]
[arianaadrian.katsudoto.id/cf-fonts/s/ovo/5.2.8/latin/400/normal.woff2]
[arianaadrian.katsudoto.id/public/dist/4e66ef9e.css]
[katsudoto.id/media/template/exclusive/arsya/original/mask-couple.png]
[arianaadrian.katsudoto.id/cdn-cgi/challenge-platform/h/g/scripts/jsd/aae2b9a1c261/maind41d.js]
[katsudoto.id/media/template/exclusive/arsya/original/Orn-45.png]
[katsudoto.id/media/template/exclusive/arsya/original/Orn-55.png]
[katsudoto.id/media/template/exclusive/arsya/original/Orn-25.png]
[katsudoto.id/media/template/exclusive/arsya/original/Orn-46.png]
[katsudoto.id/media/template/exclusive/arsya/original/Orn-11.png]
[katsudoto.id/media/template/exclusive/arsya/original/Orn-28.png]
[katsudoto.id/media/template/exclusive/arsya/original/Orn-07.png]
[katsudoto.id/media/template/exclusive/arsya/original/Orn-05.png]
[katsudoto.id/media/template/exclusive/arsya/original/Orn-08.png]
[katsudoto.id/media/template/exclusive/arsya/original/Orn-03.png]
[katsudoto.id/media/template/exclusive/arsya/original/Orn-39.png]
[katsudoto.id/media/template/exclusive/arsya/original/Orn-50.png]
[katsudoto.id/media/template/exclusive/arsya/original/Orn-31.png]
[katsudoto.id/media/template/exclusive/arsya/original/frame-cover.png]
[media.katsudoto.id/media/public/70/66853/gif/gif-872375-1775705339-9344566539b63ad1a7e5d2b5.gif]
[media.katsudoto.id/media/public/70/66853/gif/gif-872371-1775705325-e8e2cfa87b364b0f5d80e465.gif]
[katsudoto.id/media/template/exclusive/arsya/original/Orn-09.png]
[katsudoto.id/media/template/exclusive/arsya/original/Orn-01.png]
[katsudoto.id/media/template/exclusive/arsya/original/Orn-06.png]
[katsudoto.id/media/template/exclusive/arsya/original/Orn-04.png]
[katsudoto.id/media/template/exclusive/arsya/original/Orn-02.png]
[katsudoto.id/media/template/exclusive/arsya/original/Orn-51.png]
[katsudoto.id/media/template/exclusive/arsya/original/Orn-23.png]
[katsudoto.id/media/template/exclusive/arsya/original/Orn-10.png]
[katsudoto.id/media/template/exclusive/arsya/original/Orn-19.png]
[katsudoto.id/media/template/exclusive/arsya/original/Orn-24.png]
[katsudoto.id/media/template/exclusive/arsya/original/Orn-22.png]
[katsudoto.id/media/template/exclusive/arsya/original/Orn-21.png]
[katsudoto.id/media/template/exclusive/arsya/original/Orn-20.png]
[katsudoto.id/media/template/exclusive/arsya/original/Orn-15.png]
[katsudoto.id/media/template/exclusive/arsya/original/Orn-16.png]
[katsudoto.id/media/template/exclusive/arsya/original/Orn-18.png]
[katsudoto.id/media/template/exclusive/arsya/original/frame-couple.png]
[katsudoto.id/media/template/exclusive/arsya/original/Orn-17.png]
[katsudoto.id/media/template/exclusive/arsya/original/Orn-14.png]
[katsudoto.id/media/template/exclusive/arsya/original/Orn-12.png]
[katsudoto.id/media/template/exclusive/arsya/original/Orn-13.png]
[katsudoto.id/media/template/exclusive/arsya/original/kupu-1.png]
[katsudoto.id/media/template/exclusive/arsya/original/Orn-32.png]
[katsudoto.id/media/template/exclusive/arsya/original/frame-sd.png]
[katsudoto.id/media/template/exclusive/arsya/original/Orn-27.png]
[katsudoto.id/media/template/exclusive/arsya/original/Orn-26.png]
[katsudoto.id/media/template/exclusive/arsya/original/Orn-30.png]
[katsudoto.id/media/template/exclusive/arsya/original/Orn-29.png]
[katsudoto.id/media/template/exclusive/arsya/original/Orn-33.png]
[katsudoto.id/media/template/exclusive/arsya/original/Orn-49.png]
[katsudoto.id/media/template/exclusive/arsya/original/Orn-34.png]
[katsudoto.id/media/template/exclusive/arsya/original/Orn-36.png]
[katsudoto.id/media/template/exclusive/arsya/original/Orn-35.png]
[katsudoto.id/media/template/exclusive/arsya/original/Orn-38.png]
[katsudoto.id/media/template/exclusive/arsya/original/Orn-40.png]
[katsudoto.id/media/template/exclusive/arsya/original/Orn-37.png]
[arianaadrian.katsudoto.id/media/icons/ic-dress-man-formal.png]
[arianaadrian.katsudoto.id/media/icons/ic-dress-woman-formal.png]
[katsudoto.id/media/template/exclusive/arsya/original/Orn-41.png]
[i3.ytimg.com/vi/dl_VqonCz6Y/sddefault789f.jpg]
[i3.ytimg.com/vi/xVVVQjaD-pg/maxresdefault789f.jpg]
[katsudoto.id/media/template/exclusive/arsya/original/bg-gift.png]
[katsudoto.id/media/template/exclusive/arsya/original/Orn-56.png]
[katsudoto.id/media/template/exclusive/arsya/original/Orn-57.png]
[katsudoto.id/media/template/exclusive/arsya/original/Orn-44.png]
[katsudoto.id/media/kat/cloud-upload.png]
[cdn.jsdelivr.net/npm/tsparticles@3.9.1/tsparticles.bundle.min.js]
[arianaadrian.katsudoto.id/plugin/aos/dist/aos.js]
[arianaadrian.katsudoto.id/plugin/slick/slick.min.js]
[arianaadrian.katsudoto.id/plugin/selectize/dist/js/standalone/selectize.min.js]
[arianaadrian.katsudoto.id/plugin/modal-video/js/jquery-modal-video.min.js]
[arianaadrian.katsudoto.id/plugin/lightgallery/dist/js/lightgallery.min.js]
[vjs.zencdn.net/8.16.1/video.min.js]
[unpkg.com/videojs-youtube@3.0.1/dist/Youtube.min.js]
[arianaadrian.katsudoto.id/src/js/html2canvas-1.4.1.1787212065.js]
[arianaadrian.katsudoto.id/src/universalbd3c.js]
[arianaadrian.katsudoto.id/public/dist/fddf2641.js]
[arianaadrian.katsudoto.id/src/module/popoverbd3c.js]
[arianaadrian.katsudoto.id/public/dist/54951221.js]
[arianaadrian.katsudoto.id/public/dist/39d8abba.js]
[arianaadrian.katsudoto.id/8219634d38.html]
[i3.ytimg.com/vi/dl_VqonCz6Y/sddefaultbe1c.jpg]
[i3.ytimg.com/vi/xVVVQjaD-pg/maxresdefaultbe1c.jpg]
[arianaadrian.katsudoto.id/index.html]
[www.googletagmanager.com/gtm5445.html]
[arianaadrian.katsudoto.id/plugin/selectize/dist/css/selectize.default.css]
[arianaadrian.katsudoto.id/plugin/flexbin/flexbin.css]
[arianaadrian.katsudoto.id/plugin/aos/dist/aos.css]
[arianaadrian.katsudoto.id/src/universal2200.js]
[arianaadrian.katsudoto.id/plugin/lightgallery/dist/fonts/lg8306.ttf]
[arianaadrian.katsudoto.id/plugin/lightgallery/dist/fonts/lg8306.woff]
[arianaadrian.katsudoto.id/plugin/lightgallery/dist/fonts/lg8306.svg]
[arianaadrian.katsudoto.id/plugin/lightgallery/dist/img/vimeo-play.png]
[arianaadrian.katsudoto.id/plugin/lightgallery/dist/img/video-play.png]
[arianaadrian.katsudoto.id/plugin/lightgallery/dist/img/youtube-play.png]
[arianaadrian.katsudoto.id/plugin/lightgallery/dist/img/loading.gif]
[arianaadrian.katsudoto.id/plugin/lightgallery/dist/css/lightgallery.css]
[cdnjs.cloudflare.com/ajax/libs/font-awesome/5.9.0/css/all.min.css]
[arianaadrian.katsudoto.id/plugin/slick/slick.css]
[arianaadrian.katsudoto.id/plugin/modal-video/css/modal-video.min.css]
[vjs.zencdn.net/8.16.1/video-js.css]
[arianaadrian.katsudoto.id/public/dist/00f3b7dc.css]
[arianaadrian.katsudoto.id/public/dist/49ff9aca.css]
[arianaadrian.katsudoto.id/public/dist/7436fe60.css]
[arianaadrian.katsudoto.id/public/dist/96cdc8bb.css]
[arianaadrian.katsudoto.id/public/dist/6e8e0db0.css]
[arianaadrian.katsudoto.id/public/dist/ee3271c8.css]
[arianaadrian.katsudoto.id/src/dreamboard.css]
[cdn.jsdelivr.net/npm/select2@4.1.0-rc.0/dist/css/select2.min.css]
[cdn.jsdelivr.net/npm/@simonwep/pickr/dist/themes/nano.min.css]
[arianaadrian.katsudoto.id/public/dist/4e66ef9e.css]
[arianaadrian.katsudoto.id/plugin/lightgallery/dist/fonts/lg8306.svg]
